/Users/ms043660/OneDrive - Cerner Corporation/Office/ProjectWorkspace/POC/Vertex/Distributed-Syslogd/Syslogd/src/main/java/org/opennms/netmgt/syslogd/jmx/Syslogd.java
/Users/ms043660/OneDrive - Cerner Corporation/Office/ProjectWorkspace/POC/Vertex/Distributed-Syslogd/Syslogd/src/main/java/org/opennms/netmgt/syslogd/Rfc5424SyslogParser.java
/Users/ms043660/OneDrive - Cerner Corporation/Office/ProjectWorkspace/POC/Vertex/Distributed-Syslogd/Syslogd/src/main/java/org/Syslogd/App.java
/Users/ms043660/OneDrive - Cerner Corporation/Office/ProjectWorkspace/POC/Vertex/Distributed-Syslogd/Syslogd/src/main/java/org/opennms/netmgt/syslogd/api/SyslogMessageDTO.java
/Users/ms043660/OneDrive - Cerner Corporation/Office/ProjectWorkspace/POC/Vertex/Distributed-Syslogd/Syslogd/src/main/java/org/opennms/netmgt/syslogd/ByteBufferXmlAdapter.java
/Users/ms043660/OneDrive - Cerner Corporation/Office/ProjectWorkspace/POC/Vertex/Distributed-Syslogd/Syslogd/src/main/java/org/opennms/netmgt/syslogd/SyslogMessage.java
/Users/ms043660/OneDrive - Cerner Corporation/Office/ProjectWorkspace/POC/Vertex/Distributed-Syslogd/Syslogd/src/main/java/org/opennms/netmgt/syslogd/JuniperSyslogParser.java
/Users/ms043660/OneDrive - Cerner Corporation/Office/ProjectWorkspace/POC/Vertex/Distributed-Syslogd/Syslogd/src/main/java/org/opennms/netmgt/syslogd/SyslogParserException.java
/Users/ms043660/OneDrive - Cerner Corporation/Office/ProjectWorkspace/POC/Vertex/Distributed-Syslogd/Syslogd/src/main/java/org/opennms/netmgt/syslogd/SyslogSinkConsumer.java
/Users/ms043660/OneDrive - Cerner Corporation/Office/ProjectWorkspace/POC/Vertex/Distributed-Syslogd/Syslogd/src/main/java/org/opennms/netmgt/syslogd/GrokParserFactory.java
/Users/ms043660/OneDrive - Cerner Corporation/Office/ProjectWorkspace/POC/Vertex/Distributed-Syslogd/Syslogd/src/main/java/org/opennms/netmgt/syslogd/SyslogTimeStamp.java
/Users/ms043660/OneDrive - Cerner Corporation/Office/ProjectWorkspace/POC/Vertex/Distributed-Syslogd/Syslogd/src/main/java/org/opennms/netmgt/syslogd/SinkDispatchingSyslogReceiver.java
/Users/ms043660/OneDrive - Cerner Corporation/Office/ProjectWorkspace/POC/Vertex/Distributed-Syslogd/Syslogd/src/main/java/org/opennms/netmgt/syslogd/BufferParser.java
/Users/ms043660/OneDrive - Cerner Corporation/Office/ProjectWorkspace/POC/Vertex/Distributed-Syslogd/Syslogd/src/main/java/org/opennms/netmgt/syslogd/SyslogParser.java
/Users/ms043660/OneDrive - Cerner Corporation/Office/ProjectWorkspace/POC/Vertex/Distributed-Syslogd/Syslogd/src/main/java/org/opennms/netmgt/syslogd/api/SyslogConnection.java
/Users/ms043660/OneDrive - Cerner Corporation/Office/ProjectWorkspace/POC/Vertex/Distributed-Syslogd/Syslogd/src/main/java/org/opennms/netmgt/syslogd/MessageDiscardedException.java
/Users/ms043660/OneDrive - Cerner Corporation/Office/ProjectWorkspace/POC/Vertex/Distributed-Syslogd/Syslogd/src/main/java/org/opennms/netmgt/syslogd/SyslogNGParser.java
/Users/ms043660/OneDrive - Cerner Corporation/Office/ProjectWorkspace/POC/Vertex/Distributed-Syslogd/Syslogd/src/main/java/org/opennms/netmgt/syslogd/SyslogReceiver.java
/Users/ms043660/OneDrive - Cerner Corporation/Office/ProjectWorkspace/POC/Vertex/Distributed-Syslogd/Syslogd/src/main/java/org/opennms/netmgt/syslogd/CustomSyslogParser.java
/Users/ms043660/OneDrive - Cerner Corporation/Office/ProjectWorkspace/POC/Vertex/Distributed-Syslogd/Syslogd/src/main/java/org/opennms/netmgt/syslogd/SyslogReceiverJavaNetImpl.java
/Users/ms043660/OneDrive - Cerner Corporation/Office/ProjectWorkspace/POC/Vertex/Distributed-Syslogd/Syslogd/src/main/java/org/opennms/netmgt/syslogd/SyslogSeverity.java
/Users/ms043660/OneDrive - Cerner Corporation/Office/ProjectWorkspace/POC/Vertex/Distributed-Syslogd/Syslogd/src/main/java/org/opennms/netmgt/syslogd/ConvertToEvent.java
/Users/ms043660/OneDrive - Cerner Corporation/Office/ProjectWorkspace/POC/Vertex/Distributed-Syslogd/Syslogd/src/main/java/org/opennms/netmgt/syslogd/jmx/SyslogdMBean.java
/Users/ms043660/OneDrive - Cerner Corporation/Office/ProjectWorkspace/POC/Vertex/Distributed-Syslogd/Syslogd/src/main/java/org/opennms/netmgt/syslogd/SyslogReceiverCamelNettyImpl.java
/Users/ms043660/OneDrive - Cerner Corporation/Office/ProjectWorkspace/POC/Vertex/Distributed-Syslogd/Syslogd/src/main/java/org/opennms/netmgt/syslogd/api/SyslogMessageLogDTO.java
/Users/ms043660/OneDrive - Cerner Corporation/Office/ProjectWorkspace/POC/Vertex/Distributed-Syslogd/Syslogd/src/main/java/org/opennms/netmgt/syslogd/Syslogd.java
/Users/ms043660/OneDrive - Cerner Corporation/Office/ProjectWorkspace/POC/Vertex/Distributed-Syslogd/Syslogd/src/main/java/org/opennms/netmgt/syslogd/SyslogFacility.java
/Users/ms043660/OneDrive - Cerner Corporation/Office/ProjectWorkspace/POC/Vertex/Distributed-Syslogd/Syslogd/src/main/java/org/opennms/netmgt/syslogd/SyslogConfigBean.java
/Users/ms043660/OneDrive - Cerner Corporation/Office/ProjectWorkspace/POC/Vertex/Distributed-Syslogd/Syslogd/src/main/java/org/opennms/netmgt/syslogd/SyslogSinkModule.java
/Users/ms043660/OneDrive - Cerner Corporation/Office/ProjectWorkspace/POC/Vertex/Distributed-Syslogd/Syslogd/src/main/java/org/opennms/netmgt/syslogd/GenericParser.java
